// Jest Snapshot v1, https://goo.gl/fbAQLP

exports[`Movie-list is render correctly 1`] = `
<div
  className="catalog__movies-list"
>
  <article
    className="small-movie-card catalog__movies-card"
    onMouseEnter={[Function]}
    onMouseLeave={[Function]}
  >
    <a
      href="/films/fantastic-beasts-the-crimes-of-grindelwald"
      onClick={[Function]}
    >
      <div
        className="small-movie-card__image"
      >
        <video
          className="player__video"
        />
      </div>
    </a>
    <h3
      className="small-movie-card__title"
    >
      <a
        className="small-movie-card__link"
        href="/films/fantastic-beasts-the-crimes-of-grindelwald"
        onClick={[Function]}
      >
        Fantastic Beasts: The Crimes of Grindelwald
      </a>
    </h3>
  </article>
</div>
`;
